[
  {
    "singleLineText": {
      "value": "\"single line text\""
    },
    "subTable": {
      "value": [
        {
          "id": "537306",
          "value": {
            "subTableText": {
              "value": "text_line1"
            }
          }
        },
        {
          "id": "537307",
          "value": {
            "subTableText": {
              "value": "text_line2"
            }
          }
        }
      ]
    }
  },
  {
    "singleLineText": {
      "value": "\"single line text\""
    },
    "subTable": {
      "value": [
        {
          "id": "537308",
          "value": {
            "subTableText": {
              "value": "text_line1"
            }
          }
        },
        {
          "id": "537309",
          "value": {
            "subTableText": {
              "value": "text_line2"
            }
          }
        }
      ]
    }
  }
]
